// Jest Snapshot v1, https://goo.gl/fbAQLP

exports[`<Masthead /> should render and match the snapshot 1`] = `
<Masthead__Wrapper>
  <Logos />
  <Title>
    Amit Kurud
  </Title>
  <Lead>
    Hi there, my name is Amit Kurud. I am a Software Engineer located in
    <strong>
       Hyderabad, India
    </strong>
    . I work as a
     
    <strong>
       Fullstack Software Engineer
    </strong>
     . I program in a variety of languages but most of the time I use
    <strong>
       Java
    </strong>
     to accomplish my task. I also work with
     
    <strong>
       
      Typescript, Kotlin, Nodejs, ReactJs, Nestjs Framework, Spring-Boot Framework
    </strong>
    . My focus is on writing clean and maintainable software. I'm very eager to learn, in my free time I read about various topics ranging from writing clean code to specific frameworks/programming languages. I also contribute to the opensource community in our organisation and on Github, run a linux desktop at home and love to chat about tech in general.
  </Lead>
</Masthead__Wrapper>
`;
